\BOOKMARK [1][-]{section.1}{\376\377\000I\000n\000t\000r\000o\000d\000u\000c\000t\000i\000o\000n}{}% 1
\BOOKMARK [1][-]{section.2}{\376\377\000R\000e\000l\000a\000t\000e\000d\000\040\000W\000o\000r\000k}{}% 2
\BOOKMARK [2][-]{subsection.2.1}{\376\377\000K\000n\000o\000w\000l\000e\000d\000g\000e\000\040\000D\000i\000s\000t\000i\000l\000l\000a\000t\000i\000o\000n}{section.2}% 3
\BOOKMARK [2][-]{subsection.2.2}{\376\377\000D\000a\000t\000a\000s\000e\000t\000\040\000D\000i\000s\000t\000i\000l\000l\000a\000t\000i\000o\000n}{section.2}% 4
\BOOKMARK [2][-]{subsection.2.3}{\376\377\000A\000c\000t\000i\000o\000n\000\040\000R\000e\000c\000o\000g\000n\000i\000t\000i\000o\000n}{section.2}% 5
\BOOKMARK [1][-]{section.3}{\376\377\152\041\127\213\145\271\154\325}{}% 6
\BOOKMARK [2][-]{subsection.3.1}{\376\377\000P\000r\000o\000b\000l\000e\000m\000\040\000D\000e\000f\000i\000n\000i\000t\000i\000o\000n\000\040\000a\000n\000d\000\040\000P\000r\000e\000l\000i\000m\000i\000n\000a\000r\000y}{section.3}% 7
\BOOKMARK [2][-]{subsection.3.2}{\376\377\173\046\123\367\133\232\116\111}{section.3}% 8
\BOOKMARK [2][-]{subsection.3.3}{\376\377\152\041\127\213\150\106\147\266}{section.3}% 9
\BOOKMARK [2][-]{subsection.3.4}{\376\377\204\270\231\217\201\352\220\002\136\224\150\067\147\054\165\037\142\020\152\041\127\127}{section.3}% 10
\BOOKMARK [2][-]{subsection.3.5}{\376\377\220\032\220\123\176\247\122\250\140\001\204\270\231\217\152\041\127\127}{section.3}% 11
\BOOKMARK [2][-]{subsection.3.6}{\376\377\143\137\131\061\121\375\145\160}{section.3}% 12
\BOOKMARK [2][-]{subsection.3.7}{\376\377\173\227\154\325\155\101\172\013}{section.3}% 13
\BOOKMARK [2][-]{subsection.3.8}{\376\377\131\015\147\102\136\246\122\006\147\220}{section.3}% 14
\BOOKMARK [1][-]{section.4}{\376\377\000E\000x\000p\000e\000r\000i\000m\000e\000n\000t\000s}{}% 15
\BOOKMARK [2][-]{subsection.4.1}{\376\377\000D\000a\000t\000a\000s\000e\000t\000s}{section.4}% 16
\BOOKMARK [2][-]{subsection.4.2}{\376\377\000E\000v\000a\000l\000u\000a\000t\000i\000o\000n\000\040\000M\000e\000t\000r\000i\000c\000s}{section.4}% 17
\BOOKMARK [2][-]{subsection.4.3}{\376\377\000E\000x\000p\000e\000r\000i\000m\000e\000n\000t\000a\000l\000\040\000S\000e\000t\000u\000p}{section.4}% 18
\BOOKMARK [2][-]{subsection.4.4}{\376\377\000C\000o\000m\000p\000a\000r\000e\000d\000\040\000M\000e\000t\000h\000o\000d\000s}{section.4}% 19
\BOOKMARK [2][-]{subsection.4.5}{\376\377\000\040\000Q\000u\000a\000n\000t\000i\000t\000a\000t\000i\000v\000e\000\040\000R\000e\000s\000u\000l\000t\000s}{section.4}% 20
\BOOKMARK [2][-]{subsection.4.6}{\376\377\000A\000b\000l\000a\000t\000i\000o\000n\000\040\000S\000t\000u\000d\000y}{section.4}% 21
\BOOKMARK [1][-]{section.5}{\376\377\000Q\000u\000a\000l\000i\000t\000a\000t\000i\000v\000e\000\040\000R\000e\000s\000u\000l\000t}{}% 22
\BOOKMARK [2][-]{subsection.5.1}{\376\377\000C\000h\000a\000n\000n\000e\000l\000\040\000f\000i\000g}{section.5}% 23
\BOOKMARK [2][-]{subsection.5.2}{\376\377\000F\000a\000i\000l\000u\000r\000e\000\040\000C\000a\000s\000e}{section.5}% 24
\BOOKMARK [2][-]{subsection.5.3}{\376\377\121\163\116\216\143\137\131\061\116\012\116\013\165\114\122\006\147\220\116\345\123\312\123\357\211\306\123\026}{section.5}% 25
\BOOKMARK [1][-]{section.6}{\376\377\000C\000o\000n\000c\000l\000u\000s\000i\000o\000n}{}% 26
